current directory: /Users/araki/rails/schecan/vendor/bundle/ruby/2.3.0/gems/mysql2-0.3.18/ext/mysql2
/Users/araki/.rbenv/versions/2.3.1/bin/ruby -r ./siteconf20180712-6340-14e3ik8.rb extconf.rb
checking for ruby/thread.h... yes
checking for rb_thread_call_without_gvl() in ruby/thread.h... yes
checking for rb_thread_blocking_region()... no
checking for rb_wait_for_single_fd()... yes
checking for rb_hash_dup()... yes
checking for rb_intern3()... yes
-----
Using mysql_config at /usr/local/bin/mysql_config
-----
checking for mysql.h... yes
checking for errmsg.h... yes
checking for mysqld_error.h... yes
-----
Setting rpath to /usr/local/Cellar/mysql/5.7.19/lib
-----
creating Makefile

To see why this extension failed to compile, please check the mkmf.log which can be found here:

  /Users/araki/rails/schecan/vendor/bundle/ruby/2.3.0/extensions/x86_64-darwin-16/2.3.0-static/mysql2-0.3.18/mkmf.log

current directory: /Users/araki/rails/schecan/vendor/bundle/ruby/2.3.0/gems/mysql2-0.3.18/ext/mysql2
make "DESTDIR=" clean

current directory: /Users/araki/rails/schecan/vendor/bundle/ruby/2.3.0/gems/mysql2-0.3.18/ext/mysql2
make "DESTDIR="
compiling infile.c
compiling client.c
compiling mysql2_ext.c
compiling result.c
linking shared-object mysql2/mysql2.bundle

current directory: /Users/araki/rails/schecan/vendor/bundle/ruby/2.3.0/gems/mysql2-0.3.18/ext/mysql2
make "DESTDIR=" install
/usr/local/bin/ginstall -c -m 0755 mysql2.bundle ./.gem.20180712-6340-18ux9l1/mysql2
